DEBUG:root:this is a message. specially debug message
INFO:root:so this is info message
WARNING:root:this is a warning message
DEBUG:root:this is a message. specially debug message
INFO:root:so this is info message
WARNING:root:this is a warning message
DEBUG:root:this is a message. specially debug message
INFO:root:so this is info message
WARNING:root:this is a warning message
